header	body	feedback_type	source	is_streaming	language_code
men ultrash	thi model may be ok for sed typ but im act and get around alot in my job consist found thes stock rol up down by my ankl not good solv go with the standard compress stock 2030 stock 114622 excel support stay up and giv me what i nee both pair of thes also tor as i struggled to pul them up al the tim good riddancebad invest	negative	Amazon Reviews	False	en
surpr delight	thi is a fast read fil with unexpect humo and profound insight into the art of polit and policy in brief it is sly wry and wis	positive	Amazon Reviews	False	en
work but not as advert	i bought on of thes chargersth instruct say the light stay on whil the battery chargestru the instruct dont say the light turn off when it don which is also tru 24 hour of charg and the light stay on i return it think i had a bad unitth new on did the sam thing i just kept it sint it doe chargebut the light ar useless sint they seem to alway stay on it a backup charg for when i man to drain al my aa but i wouldnt want thi as my on charg	negative	Amazon Reviews	False	en
my 2 yo grandson lov it	thi movy with al of it anim real keep my grandson occupy when im babysit he lov watch it ov and ov again i can get so much accompl bef he get bor with it so it is wor the money as a mat of fact im buy on for his hous his 3 yo cousin and my hous wer say goodby to netflix way to go amazongammy	neutral	Amazon Reviews	False	en
a cookbook every bak should own	i found a cop of thi cookbook at a loc us book stor and mix up a sourdough start the follow day it was bubbl away the next morn and i cant wait to try it in a few mor daysth direct in thi book ar simpl to follow the anecdot and hist provid ar entertain the recip al sound delicy il be work my way through many of thes start of cours with the sourdough hotcak and bread the handwrit form just ad to the charm of the book if yo interest in learn to mak sourdough thi book wil giv you al the inform youl nee	positive	Amazon Reviews	False	en
