header	body	feedback_type	source	is_streaming	language_code
it's cool	it's a cool project. I do like it	positive	Jolanda Tinge	False	en
it's not that cool	it's a hard project.	False	negative	Jolanda Tinge	False	en